2026-09-26 15:57:40 | INFO | ============================================================
2026-09-26 15:57:40 | INFO | STEP 10 — Comparação empírica Apriori vs FP-Growth
2026-09-26 15:57:40 | INFO | ============================================================
2026-09-26 15:57:40 | INFO | Tamanhos de amostra: [5000, 10000, 20000, 40000]
2026-09-26 15:57:40 | INFO | min_support fixo: 0.01
2026-09-26 15:57:40 | INFO | 
2026-09-26 15:57:40 | INFO | Carregando encoded_400k.parquet ...
2026-09-26 15:57:45 | INFO |   shape: (368250, 5991)
2026-09-26 15:57:45 | INFO | ============================================================
2026-09-26 15:57:45 | INFO | Amostra: 5,000 cestas
2026-09-26 15:57:45 | INFO | ============================================================
2026-09-26 15:57:48 | INFO |   shape: (5000, 5991)
2026-09-26 15:57:48 | INFO |   --- FPGROWTH ---
2026-09-26 15:57:51 | INFO |     itemsets: 138
2026-09-26 15:57:51 | INFO |     tempo   : 2.51s
2026-09-26 15:57:51 | INFO |     RAM pico: 16.9 MB
2026-09-26 15:57:51 | INFO |   --- APRIORI ---
2026-09-26 15:57:51 | INFO |     itemsets: 138
2026-09-26 15:57:51 | INFO |     tempo   : 0.26s
2026-09-26 15:57:51 | INFO |     RAM pico: 0.8 MB
2026-09-26 15:57:51 | INFO | ============================================================
2026-09-26 15:57:51 | INFO | Amostra: 10,000 cestas
2026-09-26 15:57:51 | INFO | ============================================================
2026-09-26 15:57:52 | INFO |   shape: (10000, 5991)
2026-09-26 15:57:52 | INFO |   --- FPGROWTH ---
2026-09-26 15:57:53 | INFO |     itemsets: 140
2026-09-26 15:57:53 | INFO |     tempo   : 0.76s
2026-09-26 15:57:53 | INFO |     RAM pico: 2.2 MB
2026-09-26 15:57:53 | INFO |   --- APRIORI ---
2026-09-26 15:57:53 | INFO |     itemsets: 140
2026-09-26 15:57:53 | INFO |     tempo   : 0.38s
2026-09-26 15:57:53 | INFO |     RAM pico: 0.4 MB
2026-09-26 15:57:53 | INFO | ============================================================
2026-09-26 15:57:53 | INFO | Amostra: 20,000 cestas
2026-09-26 15:57:53 | INFO | ============================================================
2026-09-26 15:57:53 | INFO |   shape: (20000, 5991)
2026-09-26 15:57:53 | INFO |   --- FPGROWTH ---
2026-09-26 15:57:55 | INFO |     itemsets: 134
2026-09-26 15:57:55 | INFO |     tempo   : 1.72s
2026-09-26 15:57:55 | INFO |     RAM pico: 4.6 MB
2026-09-26 15:57:55 | INFO |   --- APRIORI ---
2026-09-26 15:57:56 | INFO |     itemsets: 134
2026-09-26 15:57:56 | INFO |     tempo   : 0.64s
2026-09-26 15:57:56 | INFO |     RAM pico: 0.8 MB
2026-09-26 15:57:56 | INFO | ============================================================
2026-09-26 15:57:56 | INFO | Amostra: 40,000 cestas
2026-09-26 15:57:56 | INFO | ============================================================
2026-09-26 15:57:57 | INFO |   shape: (40000, 5991)
2026-09-26 15:57:57 | INFO |   --- FPGROWTH ---
2026-09-26 15:58:01 | INFO |     itemsets: 131
2026-09-26 15:58:01 | INFO |     tempo   : 4.03s
2026-09-26 15:58:01 | INFO |     RAM pico: 10.8 MB
2026-09-26 15:58:01 | INFO |   --- APRIORI ---
2026-09-26 15:58:03 | INFO |     itemsets: 131
2026-09-26 15:58:03 | INFO |     tempo   : 1.31s
2026-09-26 15:58:03 | INFO |     RAM pico: 0.0 MB
2026-09-26 15:58:03 | INFO | ============================================================
2026-09-26 15:58:03 | INFO | Resultado consolidado:
2026-09-26 15:58:03 | INFO | ============================================================
2026-09-26 15:58:03 | INFO |    5,000 cestas | FP:   2.51s | AP:   0.26s | speedup: 0.10x
2026-09-26 15:58:03 | INFO |   10,000 cestas | FP:   0.76s | AP:   0.38s | speedup: 0.50x
2026-09-26 15:58:03 | INFO |   20,000 cestas | FP:   1.72s | AP:   0.64s | speedup: 0.37x
2026-09-26 15:58:03 | INFO |   40,000 cestas | FP:   4.03s | AP:   1.31s | speedup: 0.33x
2026-09-26 15:58:03 | INFO |   tabela: step10_apriori_vs_fpgrowth.csv
2026-09-26 15:58:05 | INFO |   gráficos salvos em C:\Fatec\06-Termo\Mineração_Dados-Muzzi\P1\results\figures
2026-09-26 15:58:05 | INFO | STEP 10 concluído.
2026-09-26 16:02:34 | INFO | ============================================================
2026-09-26 16:02:34 | INFO | STEP 10 — Comparação empírica Apriori vs FP-Growth
2026-09-26 16:02:34 | INFO | ============================================================
2026-09-26 16:02:34 | INFO | Rodadas: ['round1_support_0_002', 'round2_support_0_01']
2026-09-26 16:02:34 | INFO | Teto de tempo por execução: 300s
2026-09-26 16:02:34 | INFO | 
2026-09-26 16:02:34 | INFO | Carregando encoded_400k.parquet ...
2026-09-26 16:02:36 | INFO |   shape: (368250, 5991)
2026-09-26 16:02:36 | INFO | ======================================================================
2026-09-26 16:02:36 | INFO | RODADA: round1_support_0_002
2026-09-26 16:02:36 | INFO |   min_support = 0.002
2026-09-26 16:02:36 | INFO |   tamanhos    = [5000, 10000, 20000, 40000]
2026-09-26 16:02:36 | INFO | ======================================================================
2026-09-26 16:02:36 | INFO | ------------------------------------------------------------
2026-09-26 16:02:36 | INFO |   Amostra: 5,000 cestas
2026-09-26 16:02:36 | INFO | ------------------------------------------------------------
2026-09-26 16:02:37 | INFO |     shape: (5000, 5991)
2026-09-26 16:02:37 | INFO |     --- FPGROWTH ---
2026-09-26 16:02:37 | INFO |       itemsets: 1,955
2026-09-26 16:02:37 | INFO |       tempo   : 0.56s
2026-09-26 16:02:37 | INFO |       RAM delta: 9.2 MB
2026-09-26 16:02:37 | INFO |     --- APRIORI ---
2026-09-26 16:03:36 | INFO |       itemsets: 1,955
2026-09-26 16:03:36 | INFO |       tempo   : 58.07s
2026-09-26 16:03:36 | INFO |       RAM delta: 0.0 MB
2026-09-26 16:03:36 | INFO | ------------------------------------------------------------
2026-09-26 16:03:36 | INFO |   Amostra: 10,000 cestas
2026-09-26 16:03:36 | INFO | ------------------------------------------------------------
2026-09-26 16:03:37 | INFO |     shape: (10000, 5991)
2026-09-26 16:03:37 | INFO |     --- FPGROWTH ---
2026-09-26 16:03:38 | INFO |       itemsets: 1,762
2026-09-26 16:03:38 | INFO |       tempo   : 1.00s
2026-09-26 16:03:38 | INFO |       RAM delta: 16.4 MB
2026-09-26 16:03:38 | INFO |     --- APRIORI ---
2026-09-26 16:10:40 | INFO |       itemsets: 1,762
2026-09-26 16:10:40 | INFO |       tempo   : 420.88s
2026-09-26 16:10:40 | INFO |       RAM delta: 0.0 MB
2026-09-26 16:10:40 | WARNING |       ⚠ excedeu 300s — as próximas execuções desta rodada continuam, mas considere reduzir amostras.
2026-09-26 16:10:40 | INFO | ------------------------------------------------------------
2026-09-26 16:10:40 | INFO |   Amostra: 20,000 cestas
2026-09-26 16:10:40 | INFO | ------------------------------------------------------------
2026-09-26 16:10:50 | INFO |     shape: (20000, 5991)
2026-09-26 16:10:50 | INFO |     --- FPGROWTH ---
2026-09-26 16:10:53 | INFO |       itemsets: 1,640
2026-09-26 16:10:53 | INFO |       tempo   : 2.60s
2026-09-26 16:10:53 | INFO |       RAM delta: 30.5 MB
2026-09-26 16:10:53 | INFO |     --- APRIORI ---
2026-09-26 16:11:47 | ERROR |       MemoryError com 20,000 cestas!
2026-09-26 16:11:56 | INFO | ------------------------------------------------------------
2026-09-26 16:11:56 | INFO |   Amostra: 40,000 cestas
2026-09-26 16:11:56 | INFO | ------------------------------------------------------------
2026-09-26 16:12:08 | INFO |     shape: (40000, 5991)
2026-09-26 16:12:08 | INFO |     --- FPGROWTH ---
2026-09-26 16:12:14 | INFO |       itemsets: 1,624
2026-09-26 16:12:14 | INFO |       tempo   : 5.79s
2026-09-26 16:12:14 | INFO |       RAM delta: 62.5 MB
2026-09-26 16:12:14 | INFO |     --- APRIORI ---
2026-09-26 16:15:58 | ERROR |       MemoryError com 40,000 cestas!
2026-09-26 16:21:03 | INFO | ============================================================
2026-09-26 16:21:03 | INFO | STEP 10 — Comparação empírica Apriori vs FP-Growth
2026-09-26 16:21:03 | INFO | ============================================================
2026-09-26 16:21:03 | INFO | Rodadas: ['round1_support_0_002', 'round2_support_0_01']
2026-09-26 16:21:03 | INFO | Teto de tempo por execução: 300s
2026-09-26 16:21:03 | INFO | 
2026-09-26 16:21:03 | INFO | Carregando encoded_400k.parquet ...
2026-09-26 16:21:05 | INFO |   shape: (368250, 5991)
2026-09-26 16:21:05 | INFO | ======================================================================
2026-09-26 16:21:05 | INFO | RODADA: round1_support_0_002
2026-09-26 16:21:05 | INFO |   min_support = 0.01
2026-09-26 16:21:05 | INFO |   tamanhos    = [5000, 10000, 20000, 40000]
2026-09-26 16:21:05 | INFO | ======================================================================
2026-09-26 16:21:05 | INFO | ------------------------------------------------------------
2026-09-26 16:21:05 | INFO |   Amostra: 5,000 cestas
2026-09-26 16:21:05 | INFO | ------------------------------------------------------------
2026-09-26 16:21:05 | INFO |     shape: (5000, 5991)
2026-09-26 16:21:05 | INFO |     --- FPGROWTH ---
2026-09-26 16:21:06 | INFO |       itemsets: 138
2026-09-26 16:21:06 | INFO |       tempo   : 0.25s
2026-09-26 16:21:06 | INFO |       RAM delta: 2.1 MB
2026-09-26 16:21:06 | INFO |     --- APRIORI ---
2026-09-26 16:21:06 | INFO |       itemsets: 138
2026-09-26 16:21:06 | INFO |       tempo   : 0.14s
2026-09-26 16:21:06 | INFO |       RAM delta: 0.6 MB
2026-09-26 16:21:06 | INFO | ------------------------------------------------------------
2026-09-26 16:21:06 | INFO |   Amostra: 10,000 cestas
2026-09-26 16:21:06 | INFO | ------------------------------------------------------------
2026-09-26 16:21:06 | INFO |     shape: (10000, 5991)
2026-09-26 16:21:06 | INFO |     --- FPGROWTH ---
2026-09-26 16:21:07 | INFO |       itemsets: 140
2026-09-26 16:21:07 | INFO |       tempo   : 0.45s
2026-09-26 16:21:07 | INFO |       RAM delta: 2.0 MB
2026-09-26 16:21:07 | INFO |     --- APRIORI ---
2026-09-26 16:21:07 | INFO |       itemsets: 140
2026-09-26 16:21:07 | INFO |       tempo   : 0.23s
2026-09-26 16:21:07 | INFO |       RAM delta: 0.3 MB
2026-09-26 16:21:07 | INFO | ------------------------------------------------------------
2026-09-26 16:21:07 | INFO |   Amostra: 20,000 cestas
2026-09-26 16:21:07 | INFO | ------------------------------------------------------------
2026-09-26 16:21:07 | INFO |     shape: (20000, 5991)
2026-09-26 16:21:07 | INFO |     --- FPGROWTH ---
2026-09-26 16:21:08 | INFO |       itemsets: 134
2026-09-26 16:21:08 | INFO |       tempo   : 1.13s
2026-09-26 16:21:08 | INFO |       RAM delta: 4.6 MB
2026-09-26 16:21:08 | INFO |     --- APRIORI ---
2026-09-26 16:21:09 | INFO |       itemsets: 134
2026-09-26 16:21:09 | INFO |       tempo   : 0.41s
2026-09-26 16:21:09 | INFO |       RAM delta: 0.7 MB
2026-09-26 16:21:09 | INFO | ------------------------------------------------------------
2026-09-26 16:21:09 | INFO |   Amostra: 40,000 cestas
2026-09-26 16:21:09 | INFO | ------------------------------------------------------------
2026-09-26 16:21:10 | INFO |     shape: (40000, 5991)
2026-09-26 16:21:10 | INFO |     --- FPGROWTH ---
2026-09-26 16:21:12 | INFO |       itemsets: 131
2026-09-26 16:21:12 | INFO |       tempo   : 2.84s
2026-09-26 16:21:12 | INFO |       RAM delta: 10.6 MB
2026-09-26 16:21:12 | INFO |     --- APRIORI ---
2026-09-26 16:21:13 | INFO |       itemsets: 131
2026-09-26 16:21:13 | INFO |       tempo   : 0.79s
2026-09-26 16:21:13 | INFO |       RAM delta: 1.2 MB
2026-09-26 16:21:13 | INFO | ======================================================================
2026-09-26 16:21:13 | INFO | RODADA: round2_support_0_01
2026-09-26 16:21:13 | INFO |   min_support = 0.01
2026-09-26 16:21:13 | INFO |   tamanhos    = [80000, 160000]
2026-09-26 16:21:13 | INFO | ======================================================================
2026-09-26 16:21:13 | INFO | ------------------------------------------------------------
2026-09-26 16:21:13 | INFO |   Amostra: 80,000 cestas
2026-09-26 16:21:13 | INFO | ------------------------------------------------------------
2026-09-26 16:21:14 | INFO |     shape: (80000, 5991)
2026-09-26 16:21:14 | INFO |     --- FPGROWTH ---
2026-09-26 16:21:21 | INFO |       itemsets: 134
2026-09-26 16:21:21 | INFO |       tempo   : 6.32s
2026-09-26 16:21:21 | INFO |       RAM delta: 21.8 MB
2026-09-26 16:21:21 | INFO |     --- APRIORI ---
2026-09-26 16:21:22 | INFO |       itemsets: 134
2026-09-26 16:21:22 | INFO |       tempo   : 1.65s
2026-09-26 16:21:22 | INFO |       RAM delta: 0.8 MB
2026-09-26 16:21:23 | INFO | ------------------------------------------------------------
2026-09-26 16:21:23 | INFO |   Amostra: 160,000 cestas
2026-09-26 16:21:23 | INFO | ------------------------------------------------------------
2026-09-26 16:21:25 | INFO |     shape: (160000, 5991)
2026-09-26 16:21:25 | INFO |     --- FPGROWTH ---
2026-09-26 16:21:37 | INFO |       itemsets: 132
2026-09-26 16:21:37 | INFO |       tempo   : 12.36s
2026-09-26 16:21:37 | INFO |       RAM delta: 43.1 MB
2026-09-26 16:21:37 | INFO |     --- APRIORI ---
2026-09-26 16:21:41 | INFO |       itemsets: 132
2026-09-26 16:21:41 | INFO |       tempo   : 3.86s
2026-09-26 16:21:41 | INFO |       RAM delta: 0.0 MB
2026-09-26 16:21:41 | INFO | ============================================================
2026-09-26 16:21:41 | INFO | Resultado consolidado:
2026-09-26 16:21:41 | INFO | ============================================================
2026-09-26 16:21:41 | INFO | 
Rodada: round1_support_0_002 (min_support=0.01)
2026-09-26 16:21:41 | INFO |     5,000 cestas | FP:    0.25s (   138 it) | AP:    0.14s (   138 it) | speedup:  0.57x (FP-Growth)
2026-09-26 16:21:41 | INFO |    10,000 cestas | FP:    0.45s (   140 it) | AP:    0.23s (   140 it) | speedup:  0.52x (FP-Growth)
2026-09-26 16:21:41 | INFO |    20,000 cestas | FP:    1.13s (   134 it) | AP:    0.41s (   134 it) | speedup:  0.36x (FP-Growth)
2026-09-26 16:21:41 | INFO |    40,000 cestas | FP:    2.84s (   131 it) | AP:    0.79s (   131 it) | speedup:  0.28x (FP-Growth)
2026-09-26 16:21:41 | INFO | 
Rodada: round2_support_0_01 (min_support=0.01)
2026-09-26 16:21:41 | INFO |    80,000 cestas | FP:    6.32s (   134 it) | AP:    1.65s (   134 it) | speedup:  0.26x (FP-Growth)
2026-09-26 16:21:41 | INFO |   160,000 cestas | FP:   12.36s (   132 it) | AP:    3.86s (   132 it) | speedup:  0.31x (FP-Growth)
2026-09-26 16:21:44 | INFO | 
Gráficos salvos em C:\Fatec\06-Termo\Mineração_Dados-Muzzi\P1\results\figures
2026-09-26 16:21:44 | INFO | STEP 10 concluído.
2026-09-26 16:22:36 | INFO | ============================================================
2026-09-26 16:22:36 | INFO | STEP 10 — Comparação empírica Apriori vs FP-Growth
2026-09-26 16:22:36 | INFO | ============================================================
2026-09-26 16:22:36 | INFO | Rodadas: ['round1_support_0_002', 'round2_support_0_01']
2026-09-26 16:22:36 | INFO | Teto de tempo por execução: 300s
2026-09-26 16:22:36 | INFO | 
2026-09-26 16:22:36 | INFO | Carregando encoded_400k.parquet ...
2026-09-26 16:22:38 | INFO |   shape: (368250, 5991)
2026-09-26 16:22:38 | INFO | ======================================================================
2026-09-26 16:22:38 | INFO | RODADA: round1_support_0_002
2026-09-26 16:22:38 | INFO |   min_support = 0.005
2026-09-26 16:22:38 | INFO |   tamanhos    = [5000, 10000, 20000, 40000]
2026-09-26 16:22:38 | INFO | ======================================================================
2026-09-26 16:22:38 | INFO | ------------------------------------------------------------
2026-09-26 16:22:38 | INFO |   Amostra: 5,000 cestas
2026-09-26 16:22:38 | INFO | ------------------------------------------------------------
2026-09-26 16:22:38 | INFO |     shape: (5000, 5991)
2026-09-26 16:22:38 | INFO |     --- FPGROWTH ---
2026-09-26 16:22:38 | INFO |       itemsets: 413
2026-09-26 16:22:38 | INFO |       tempo   : 0.22s
2026-09-26 16:22:38 | INFO |       RAM delta: 4.3 MB
2026-09-26 16:22:38 | INFO |     --- APRIORI ---
2026-09-26 16:22:39 | INFO |       itemsets: 413
2026-09-26 16:22:39 | INFO |       tempo   : 0.47s
2026-09-26 16:22:39 | INFO |       RAM delta: 3.4 MB
2026-09-26 16:22:39 | INFO | ------------------------------------------------------------
2026-09-26 16:22:39 | INFO |   Amostra: 10,000 cestas
2026-09-26 16:22:39 | INFO | ------------------------------------------------------------
2026-09-26 16:22:39 | INFO |     shape: (10000, 5991)
2026-09-26 16:22:39 | INFO |     --- FPGROWTH ---
2026-09-26 16:22:39 | INFO |       itemsets: 395
2026-09-26 16:22:39 | INFO |       tempo   : 0.50s
2026-09-26 16:22:39 | INFO |       RAM delta: 6.7 MB
2026-09-26 16:22:39 | INFO |     --- APRIORI ---
2026-09-26 16:22:40 | INFO |       itemsets: 395
2026-09-26 16:22:40 | INFO |       tempo   : 0.84s
2026-09-26 16:22:40 | INFO |       RAM delta: 0.3 MB
2026-09-26 16:22:40 | INFO | ------------------------------------------------------------
2026-09-26 16:22:40 | INFO |   Amostra: 20,000 cestas
2026-09-26 16:22:40 | INFO | ------------------------------------------------------------
2026-09-26 16:22:40 | INFO |     shape: (20000, 5991)
2026-09-26 16:22:40 | INFO |     --- FPGROWTH ---
2026-09-26 16:22:42 | INFO |       itemsets: 379
2026-09-26 16:22:42 | INFO |       tempo   : 1.20s
2026-09-26 16:22:42 | INFO |       RAM delta: 11.2 MB
2026-09-26 16:22:42 | INFO |     --- APRIORI ---
2026-09-26 16:22:43 | INFO |       itemsets: 379
2026-09-26 16:22:43 | INFO |       tempo   : 1.58s
2026-09-26 16:22:43 | INFO |       RAM delta: 0.2 MB
2026-09-26 16:22:43 | INFO | ------------------------------------------------------------
2026-09-26 16:22:43 | INFO |   Amostra: 40,000 cestas
2026-09-26 16:22:43 | INFO | ------------------------------------------------------------
2026-09-26 16:22:44 | INFO |     shape: (40000, 5991)
2026-09-26 16:22:44 | INFO |     --- FPGROWTH ---
2026-09-26 16:22:47 | INFO |       itemsets: 383
2026-09-26 16:22:47 | INFO |       tempo   : 3.11s
2026-09-26 16:22:47 | INFO |       RAM delta: 23.6 MB
2026-09-26 16:22:47 | INFO |     --- APRIORI ---
2026-09-26 16:22:52 | INFO |       itemsets: 383
2026-09-26 16:22:52 | INFO |       tempo   : 4.34s
2026-09-26 16:22:52 | INFO |       RAM delta: 0.0 MB
2026-09-26 16:22:52 | INFO | ======================================================================
2026-09-26 16:22:52 | INFO | RODADA: round2_support_0_01
2026-09-26 16:22:52 | INFO |   min_support = 0.005
2026-09-26 16:22:52 | INFO |   tamanhos    = [80000, 160000]
2026-09-26 16:22:52 | INFO | ======================================================================
2026-09-26 16:22:52 | INFO | ------------------------------------------------------------
2026-09-26 16:22:52 | INFO |   Amostra: 80,000 cestas
2026-09-26 16:22:52 | INFO | ------------------------------------------------------------
2026-09-26 16:22:53 | INFO |     shape: (80000, 5991)
2026-09-26 16:22:53 | INFO |     --- FPGROWTH ---
2026-09-26 16:23:00 | INFO |       itemsets: 381
2026-09-26 16:23:00 | INFO |       tempo   : 6.86s
2026-09-26 16:23:00 | INFO |       RAM delta: 48.2 MB
2026-09-26 16:23:00 | INFO |     --- APRIORI ---
2026-09-26 16:23:11 | INFO |       itemsets: 381
2026-09-26 16:23:11 | INFO |       tempo   : 10.92s
2026-09-26 16:23:11 | INFO |       RAM delta: 0.0 MB
2026-09-26 16:23:11 | INFO | ------------------------------------------------------------
2026-09-26 16:23:11 | INFO |   Amostra: 160,000 cestas
2026-09-26 16:23:11 | INFO | ------------------------------------------------------------
2026-09-26 16:23:13 | INFO |     shape: (160000, 5991)
2026-09-26 16:23:13 | INFO |     --- FPGROWTH ---
2026-09-26 16:23:27 | INFO |       itemsets: 377
2026-09-26 16:23:27 | INFO |       tempo   : 13.39s
2026-09-26 16:23:27 | INFO |       RAM delta: 99.3 MB
2026-09-26 16:23:27 | INFO |     --- APRIORI ---
2026-09-26 16:27:02 | INFO |       itemsets: 377
2026-09-26 16:27:02 | INFO |       tempo   : 214.45s
2026-09-26 16:27:02 | INFO |       RAM delta: 0.0 MB
2026-09-26 16:27:02 | INFO | ============================================================
2026-09-26 16:27:02 | INFO | Resultado consolidado:
2026-09-26 16:27:02 | INFO | ============================================================
2026-09-26 16:27:02 | INFO | 
Rodada: round1_support_0_002 (min_support=0.005)
2026-09-26 16:27:02 | INFO |     5,000 cestas | FP:    0.22s (   413 it) | AP:    0.47s (   413 it) | speedup:  2.19x (Apriori)
2026-09-26 16:27:02 | INFO |    10,000 cestas | FP:    0.50s (   395 it) | AP:    0.84s (   395 it) | speedup:  1.70x (Apriori)
2026-09-26 16:27:02 | INFO |    20,000 cestas | FP:    1.20s (   379 it) | AP:    1.58s (   379 it) | speedup:  1.32x (Apriori)
2026-09-26 16:27:02 | INFO |    40,000 cestas | FP:    3.11s (   383 it) | AP:    4.34s (   383 it) | speedup:  1.40x (Apriori)
2026-09-26 16:27:02 | INFO | 
Rodada: round2_support_0_01 (min_support=0.005)
2026-09-26 16:27:02 | INFO |    80,000 cestas | FP:    6.86s (   381 it) | AP:   10.92s (   381 it) | speedup:  1.59x (Apriori)
2026-09-26 16:27:02 | INFO |   160,000 cestas | FP:   13.39s (   377 it) | AP:  214.45s (   377 it) | speedup: 16.02x (Apriori)
2026-09-26 16:27:06 | INFO | 
Gráficos salvos em C:\Fatec\06-Termo\Mineração_Dados-Muzzi\P1\results\figures
2026-09-26 16:27:06 | INFO | STEP 10 concluído.
2026-09-26 16:31:27 | INFO | ============================================================
2026-09-26 16:31:27 | INFO | STEP 10 — Comparação empírica Apriori vs FP-Growth
2026-09-26 16:31:27 | INFO | ============================================================
2026-09-26 16:31:27 | INFO | Rodadas: ['round1_support_0_005', 'round2_support_0_005']
2026-09-26 16:31:27 | INFO | Teto de tempo por execução: 300s
2026-09-26 16:31:27 | INFO | 
2026-09-26 16:31:27 | INFO | Carregando encoded_400k.parquet ...
2026-09-26 16:31:29 | INFO |   shape: (368250, 5991)
2026-09-26 16:31:29 | INFO | ======================================================================
2026-09-26 16:31:29 | INFO | RODADA: round1_support_0_005
2026-09-26 16:31:29 | INFO |   min_support = 0.005
2026-09-26 16:31:29 | INFO |   tamanhos    = [5000, 10000, 20000, 40000]
2026-09-26 16:31:29 | INFO | ======================================================================
2026-09-26 16:31:29 | INFO | ------------------------------------------------------------
2026-09-26 16:31:29 | INFO |   Amostra: 5,000 cestas
2026-09-26 16:31:29 | INFO | ------------------------------------------------------------
2026-09-26 16:31:29 | INFO |     shape: (5000, 5991)
2026-09-26 16:31:29 | INFO |     --- FPGROWTH ---
2026-09-26 16:31:29 | INFO |       itemsets: 413
2026-09-26 16:31:29 | INFO |       tempo   : 0.21s
2026-09-26 16:31:29 | INFO |       RAM delta: 4.0 MB
2026-09-26 16:31:29 | INFO |     --- APRIORI ---
2026-09-26 16:31:30 | INFO |       itemsets: 413
2026-09-26 16:31:30 | INFO |       tempo   : 0.46s
2026-09-26 16:31:30 | INFO |       RAM delta: 3.2 MB
2026-09-26 16:31:30 | INFO | ------------------------------------------------------------
2026-09-26 16:31:30 | INFO |   Amostra: 10,000 cestas
2026-09-26 16:31:30 | INFO | ------------------------------------------------------------
2026-09-26 16:31:30 | INFO |     shape: (10000, 5991)
2026-09-26 16:31:30 | INFO |     --- FPGROWTH ---
2026-09-26 16:31:31 | INFO |       itemsets: 395
2026-09-26 16:31:31 | INFO |       tempo   : 0.49s
2026-09-26 16:31:31 | INFO |       RAM delta: 5.7 MB
2026-09-26 16:31:31 | INFO |     --- APRIORI ---
2026-09-26 16:31:32 | INFO |       itemsets: 395
2026-09-26 16:31:32 | INFO |       tempo   : 0.85s
2026-09-26 16:31:32 | INFO |       RAM delta: 0.2 MB
2026-09-26 16:31:32 | INFO | ------------------------------------------------------------
2026-09-26 16:31:32 | INFO |   Amostra: 20,000 cestas
2026-09-26 16:31:32 | INFO | ------------------------------------------------------------
2026-09-26 16:31:32 | INFO |     shape: (20000, 5991)
2026-09-26 16:31:32 | INFO |     --- FPGROWTH ---
2026-09-26 16:31:33 | INFO |       itemsets: 379
2026-09-26 16:31:33 | INFO |       tempo   : 1.26s
2026-09-26 16:31:33 | INFO |       RAM delta: 11.1 MB
2026-09-26 16:31:33 | INFO |     --- APRIORI ---
2026-09-26 16:31:35 | INFO |       itemsets: 379
2026-09-26 16:31:35 | INFO |       tempo   : 1.67s
2026-09-26 16:31:35 | INFO |       RAM delta: 0.5 MB
2026-09-26 16:31:35 | INFO | ------------------------------------------------------------
2026-09-26 16:31:35 | INFO |   Amostra: 40,000 cestas
2026-09-26 16:31:35 | INFO | ------------------------------------------------------------
2026-09-26 16:31:36 | INFO |     shape: (40000, 5991)
2026-09-26 16:31:36 | INFO |     --- FPGROWTH ---
2026-09-26 16:31:39 | INFO |       itemsets: 383
2026-09-26 16:31:39 | INFO |       tempo   : 3.18s
2026-09-26 16:31:39 | INFO |       RAM delta: 24.2 MB
2026-09-26 16:31:39 | INFO |     --- APRIORI ---
2026-09-26 16:31:43 | INFO |       itemsets: 383
2026-09-26 16:31:43 | INFO |       tempo   : 3.69s
2026-09-26 16:31:43 | INFO |       RAM delta: 0.0 MB
2026-09-26 16:31:43 | INFO | ======================================================================
2026-09-26 16:31:43 | INFO | RODADA: round2_support_0_005
2026-09-26 16:31:43 | INFO |   min_support = 0.005
2026-09-26 16:31:43 | INFO |   tamanhos    = [80000, 160000]
2026-09-26 16:31:43 | INFO | ======================================================================
2026-09-26 16:31:43 | INFO | ------------------------------------------------------------
2026-09-26 16:31:43 | INFO |   Amostra: 80,000 cestas
2026-09-26 16:31:43 | INFO | ------------------------------------------------------------
2026-09-26 16:31:44 | INFO |     shape: (80000, 5991)
2026-09-26 16:31:44 | INFO |     --- FPGROWTH ---
2026-09-26 16:31:52 | INFO |       itemsets: 381
2026-09-26 16:31:52 | INFO |       tempo   : 7.56s
2026-09-26 16:31:52 | INFO |       RAM delta: 47.4 MB
2026-09-26 16:31:52 | INFO |     --- APRIORI ---
2026-09-26 16:32:04 | INFO |       itemsets: 381
2026-09-26 16:32:04 | INFO |       tempo   : 12.22s
2026-09-26 16:32:04 | INFO |       RAM delta: 0.0 MB
2026-09-26 16:32:04 | INFO | ------------------------------------------------------------
2026-09-26 16:32:04 | INFO |   Amostra: 160,000 cestas
2026-09-26 16:32:04 | INFO | ------------------------------------------------------------
2026-09-26 16:32:07 | INFO |     shape: (160000, 5991)
2026-09-26 16:32:07 | INFO |     --- FPGROWTH ---
2026-09-26 16:32:22 | INFO |       itemsets: 377
2026-09-26 16:32:22 | INFO |       tempo   : 14.71s
2026-09-26 16:32:22 | INFO |       RAM delta: 107.4 MB
2026-09-26 16:32:22 | INFO |     --- APRIORI ---
2026-09-26 16:36:25 | INFO |       itemsets: 377
2026-09-26 16:36:25 | INFO |       tempo   : 242.04s
2026-09-26 16:36:25 | INFO |       RAM delta: 0.0 MB
2026-09-26 16:36:25 | INFO | ============================================================
2026-09-26 16:36:25 | INFO | Resultado consolidado:
2026-09-26 16:36:25 | INFO | ============================================================
2026-09-26 16:36:25 | INFO | 
Rodada: round1_support_0_005 (min_support=0.005)
2026-09-26 16:36:25 | INFO |     5,000 cestas | FP:    0.21s (   413 it) | AP:    0.46s (   413 it) | speedup:  2.20x (Apriori)
2026-09-26 16:36:25 | INFO |    10,000 cestas | FP:    0.49s (   395 it) | AP:    0.85s (   395 it) | speedup:  1.72x (Apriori)
2026-09-26 16:36:25 | INFO |    20,000 cestas | FP:    1.26s (   379 it) | AP:    1.67s (   379 it) | speedup:  1.32x (Apriori)
2026-09-26 16:36:25 | INFO |    40,000 cestas | FP:    3.18s (   383 it) | AP:    3.69s (   383 it) | speedup:  1.16x (Apriori)
2026-09-26 16:36:25 | INFO | 
Rodada: round2_support_0_005 (min_support=0.005)
2026-09-26 16:36:25 | INFO |    80,000 cestas | FP:    7.56s (   381 it) | AP:   12.22s (   381 it) | speedup:  1.62x (Apriori)
2026-09-26 16:36:25 | INFO |   160,000 cestas | FP:   14.71s (   377 it) | AP:  242.04s (   377 it) | speedup: 16.46x (Apriori)
2026-09-26 16:36:29 | INFO | 
Gráficos salvos em C:\Fatec\06-Termo\Mineração_Dados-Muzzi\P1\results\figures
2026-09-26 16:36:29 | INFO | STEP 10 concluído.
