2026-09-26 14:18:26 | INFO | ============================================================
2026-09-26 14:18:26 | INFO | STEP 08 — Gerar relatório final
2026-09-26 14:18:26 | INFO | ============================================================
2026-09-26 14:18:26 | INFO |   Markdown: C:\Fatec\06-Termo\Mineração_Dados-Muzzi\P1\results\report\relatorio_final.md  (18.0 KB)
2026-09-26 14:18:26 | INFO |   HTML:     C:\Fatec\06-Termo\Mineração_Dados-Muzzi\P1\results\report\relatorio_final.html  (26.1 KB)
2026-09-26 14:18:26 | INFO | STEP 08 concluído.
2026-09-26 14:18:26 | INFO | 
2026-09-26 14:18:26 | INFO | Dica: para PDF, abra o HTML no navegador e use
2026-09-26 14:18:26 | INFO |       Ctrl+P -> Salvar como PDF.
2026-09-26 15:06:56 | INFO | ============================================================
2026-09-26 15:06:56 | INFO | STEP 08 — Gerar relatório final
2026-09-26 15:06:56 | INFO | ============================================================
2026-09-26 15:06:56 | INFO |   Markdown: C:\Fatec\06-Termo\Mineração_Dados-Muzzi\P1\results\report\relatorio_final.md  (21.9 KB)
2026-09-26 15:06:56 | INFO |   HTML:     C:\Fatec\06-Termo\Mineração_Dados-Muzzi\P1\results\report\relatorio_final.html  (30.0 KB)
2026-09-26 15:06:56 | INFO | STEP 08 concluído.
2026-09-26 15:17:15 | INFO | ============================================================
2026-09-26 15:17:15 | INFO | STEP 08 — Gerar relatório final
2026-09-26 15:17:15 | INFO | ============================================================
2026-09-26 15:17:15 | INFO |   Markdown: C:\Fatec\06-Termo\Mineração_Dados-Muzzi\P1\results\report\relatorio_final.md  (21.4 KB)
2026-09-26 15:17:16 | INFO |   HTML:     C:\Fatec\06-Termo\Mineração_Dados-Muzzi\P1\results\report\relatorio_final.html  (29.5 KB)
2026-09-26 15:17:16 | INFO | STEP 08 concluído.
2026-09-26 15:18:18 | INFO | ============================================================
2026-09-26 15:18:18 | INFO | STEP 08 — Gerar relatório final
2026-09-26 15:18:18 | INFO | ============================================================
2026-09-26 15:18:18 | INFO |   Markdown: C:\Fatec\06-Termo\Mineração_Dados-Muzzi\P1\results\report\relatorio_final.md  (19.8 KB)
2026-09-26 15:18:18 | INFO |   HTML:     C:\Fatec\06-Termo\Mineração_Dados-Muzzi\P1\results\report\relatorio_final.html  (27.9 KB)
2026-09-26 15:18:18 | INFO | STEP 08 concluído.
2026-09-26 15:19:14 | INFO | ============================================================
2026-09-26 15:19:14 | INFO | STEP 08 — Gerar relatório final
2026-09-26 15:19:14 | INFO | ============================================================
2026-09-26 15:19:14 | INFO |   Markdown: C:\Fatec\06-Termo\Mineração_Dados-Muzzi\P1\results\report\relatorio_final.md  (18.9 KB)
2026-09-26 15:19:14 | INFO |   HTML:     C:\Fatec\06-Termo\Mineração_Dados-Muzzi\P1\results\report\relatorio_final.html  (27.0 KB)
2026-09-26 15:19:14 | INFO | STEP 08 concluído.
2026-09-26 15:19:50 | INFO | ============================================================
2026-09-26 15:19:50 | INFO | STEP 08 — Gerar relatório final
2026-09-26 15:19:50 | INFO | ============================================================
2026-09-26 15:19:50 | INFO |   Markdown: C:\Fatec\06-Termo\Mineração_Dados-Muzzi\P1\results\report\relatorio_final.md  (18.9 KB)
2026-09-26 15:19:50 | INFO |   HTML:     C:\Fatec\06-Termo\Mineração_Dados-Muzzi\P1\results\report\relatorio_final.html  (27.0 KB)
2026-09-26 15:19:50 | INFO | STEP 08 concluído.
2026-09-26 15:38:18 | INFO | ============================================================
2026-09-26 15:38:18 | INFO | STEP 08 — Gerar relatório final
2026-09-26 15:38:18 | INFO | ============================================================
2026-09-26 15:38:18 | INFO |   Markdown: C:\Fatec\06-Termo\Mineração_Dados-Muzzi\P1\results\report\relatorio_final.md  (19.1 KB)
2026-09-26 15:38:18 | INFO |   HTML:     C:\Fatec\06-Termo\Mineração_Dados-Muzzi\P1\results\report\relatorio_final.html  (27.2 KB)
2026-09-26 15:38:18 | INFO | STEP 08 concluído.
2026-09-26 15:48:05 | INFO | ============================================================
2026-09-26 15:48:05 | INFO | STEP 08 — Gerar relatório final
2026-09-26 15:48:05 | INFO | ============================================================
2026-09-26 15:48:05 | INFO |   Markdown: C:\Fatec\06-Termo\Mineração_Dados-Muzzi\P1\results\report\relatorio_final.md  (19.1 KB)
2026-09-26 15:48:06 | INFO |   HTML:     C:\Fatec\06-Termo\Mineração_Dados-Muzzi\P1\results\report\relatorio_final.html  (27.2 KB)
2026-09-26 15:48:06 | INFO | STEP 08 concluído.
2026-09-26 15:51:04 | INFO | ============================================================
2026-09-26 15:51:04 | INFO | STEP 08 — Gerar relatório final
2026-09-26 15:51:04 | INFO | ============================================================
2026-09-26 15:51:04 | INFO |   Markdown: C:\Fatec\06-Termo\Mineração_Dados-Muzzi\P1\results\report\relatorio_final.md  (19.1 KB)
2026-09-26 15:51:04 | INFO |   HTML:     C:\Fatec\06-Termo\Mineração_Dados-Muzzi\P1\results\report\relatorio_final.html  (27.3 KB)
2026-09-26 15:51:04 | INFO | STEP 08 concluído.
2026-09-26 15:52:30 | INFO | ============================================================
2026-09-26 15:52:30 | INFO | STEP 08 — Gerar relatório final
2026-09-26 15:52:30 | INFO | ============================================================
2026-09-26 15:52:30 | INFO |   Markdown: C:\Fatec\06-Termo\Mineração_Dados-Muzzi\P1\results\report\relatorio_final.md  (19.1 KB)
2026-09-26 15:52:30 | INFO |   HTML:     C:\Fatec\06-Termo\Mineração_Dados-Muzzi\P1\results\report\relatorio_final.html  (27.2 KB)
2026-09-26 15:52:30 | INFO | STEP 08 concluído.
2026-09-26 15:53:13 | INFO | ============================================================
2026-09-26 15:53:13 | INFO | STEP 08 — Gerar relatório final
2026-09-26 15:53:13 | INFO | ============================================================
2026-09-26 15:53:13 | INFO |   Markdown: C:\Fatec\06-Termo\Mineração_Dados-Muzzi\P1\results\report\relatorio_final.md  (19.1 KB)
2026-09-26 15:53:14 | INFO |   HTML:     C:\Fatec\06-Termo\Mineração_Dados-Muzzi\P1\results\report\relatorio_final.html  (27.2 KB)
2026-09-26 15:53:14 | INFO | STEP 08 concluído.
2026-09-26 15:53:55 | INFO | ============================================================
2026-09-26 15:53:55 | INFO | STEP 08 — Gerar relatório final
2026-09-26 15:53:55 | INFO | ============================================================
2026-09-26 15:53:55 | INFO |   Markdown: C:\Fatec\06-Termo\Mineração_Dados-Muzzi\P1\results\report\relatorio_final.md  (19.1 KB)
2026-09-26 15:53:55 | INFO |   HTML:     C:\Fatec\06-Termo\Mineração_Dados-Muzzi\P1\results\report\relatorio_final.html  (27.2 KB)
2026-09-26 15:53:55 | INFO | STEP 08 concluído.
2026-09-26 15:57:21 | INFO | ============================================================
2026-09-26 15:57:21 | INFO | STEP 08 — Gerar relatório final
2026-09-26 15:57:21 | INFO | ============================================================
2026-09-26 15:57:22 | INFO |   Markdown: C:\Fatec\06-Termo\Mineração_Dados-Muzzi\P1\results\report\relatorio_final.md  (19.1 KB)
2026-09-26 15:57:22 | INFO |   HTML:     C:\Fatec\06-Termo\Mineração_Dados-Muzzi\P1\results\report\relatorio_final.html  (27.3 KB)
2026-09-26 15:57:22 | INFO | STEP 08 concluído.
2026-09-26 16:55:04 | INFO | ============================================================
2026-09-26 16:55:04 | INFO | STEP 08 — Gerar relatório final
2026-09-26 16:55:04 | INFO | ============================================================
2026-09-26 16:55:04 | INFO |   Markdown: C:\Fatec\06-Termo\Mineração_Dados-Muzzi\P1\results\report\relatorio_final.md  (21.4 KB)
2026-09-26 16:55:04 | INFO |   HTML:     C:\Fatec\06-Termo\Mineração_Dados-Muzzi\P1\results\report\relatorio_final.html  (30.3 KB)
2026-09-26 16:55:04 | INFO | STEP 08 concluído.
