2026-09-26 14:02:23 | INFO | ============================================================
2026-09-26 14:02:23 | INFO | STEP 07 — Interpretação + Insights + Material slides
2026-09-26 14:02:23 | INFO | ============================================================
2026-09-26 14:02:23 | INFO | ============================================================
2026-09-26 14:02:23 | INFO | Pipeline: PRODUTO
2026-09-26 14:02:23 | INFO | ============================================================
2026-09-26 14:02:23 | INFO | Carregando rules_produto.parquet ...
2026-09-26 14:02:23 | INFO |   regras: 5,067
2026-09-26 14:02:23 | INFO |   após filtros {'support': 0.005, 'lift': 1.5, 'confidence': 0.05}: 144 regras
2026-09-26 14:02:23 | INFO |   TOP 5 regras (por lift):
2026-09-26 14:02:23 | INFO |     [1] Organic Yellow Onion  →  Organic Garlic
2026-09-26 14:02:23 | INFO |          support=0.0074  confidence=0.1930  lift=5.233
2026-09-26 14:02:23 | INFO |     [2] Organic Garlic  →  Organic Yellow Onion
2026-09-26 14:02:23 | INFO |          support=0.0074  confidence=0.2007  lift=5.233
2026-09-26 14:02:23 | INFO |     [3] Limes  →  Organic Cilantro
2026-09-26 14:02:23 | INFO |          support=0.0058  confidence=0.1220  lift=5.214
2026-09-26 14:02:23 | INFO |     [4] Organic Cilantro  →  Limes
2026-09-26 14:02:23 | INFO |          support=0.0058  confidence=0.2493  lift=5.214
2026-09-26 14:02:23 | INFO |     [5] Large Lemon  →  Limes
2026-09-26 14:02:23 | INFO |          support=0.0094  confidence=0.1825  lift=3.816
2026-09-26 14:02:23 | INFO |   Insights gerados (6):
2026-09-26 14:02:23 | INFO |     [1] Quem compra [Organic Yellow Onion] tem 19.3% de chance de comprar [Organic Garlic] (lift=5.23). Aparece em 0.74% das cestas.
2026-09-26 14:02:23 | INFO |     [2] Quem compra [Organic Garlic] tem 20.1% de chance de comprar [Organic Yellow Onion] (lift=5.23). Aparece em 0.74% das cestas.
2026-09-26 14:02:23 | INFO |     [3] Quem compra [Limes] tem 12.2% de chance de comprar [Organic Cilantro] (lift=5.21). Aparece em 0.58% das cestas.
2026-09-26 14:02:23 | INFO |     [4] Quem compra [Organic Cilantro] tem 24.9% de chance de comprar [Limes] (lift=5.21). Aparece em 0.58% das cestas.
2026-09-26 14:02:23 | INFO |     [5] Quem compra [Large Lemon] tem 18.2% de chance de comprar [Limes] (lift=3.82). Aparece em 0.94% das cestas.
2026-09-26 14:02:23 | INFO |     [6] INSIGHT DE NEGÓCIO: usar essas regras para recomendar produtos complementares no carrinho ("quem levou X, também levou Y"), aumentando o ticket médio em categorias específicas.
2026-09-26 14:02:23 | INFO |   CSV: slide_top5_regras_produto.csv
2026-09-26 14:02:25 | INFO | ============================================================
2026-09-26 14:02:25 | INFO | Pipeline: AISLE
2026-09-26 14:02:25 | INFO | ============================================================
2026-09-26 14:02:25 | INFO | Carregando rules_aisle.parquet ...
2026-09-26 14:02:25 | INFO |   regras: 1,841
2026-09-26 14:02:25 | INFO |   após filtros {'support': 0.0, 'lift': 1.5, 'confidence': 0.3}: 558 regras
2026-09-26 14:02:25 | INFO |   TOP 5 regras (por lift):
2026-09-26 14:02:25 | INFO |     [1] fresh fruits, packaged cheese, yogurt  →  milk, packaged vegetables fruits
2026-09-26 14:02:25 | INFO |          support=0.0205  confidence=0.3057  lift=2.690
2026-09-26 14:02:25 | INFO |     [2] fresh fruits, milk, packaged cheese  →  packaged vegetables fruits, yogurt
2026-09-26 14:02:25 | INFO |          support=0.0205  confidence=0.3335  lift=2.589
2026-09-26 14:02:25 | INFO |     [3] milk, packaged vegetables fruits, yogurt  →  fresh fruits, packaged cheese
2026-09-26 14:02:25 | INFO |          support=0.0205  confidence=0.3980  lift=2.530
2026-09-26 14:02:25 | INFO |     [4] fresh fruits, packaged cheese, yogurt  →  fresh vegetables, milk
2026-09-26 14:02:25 | INFO |          support=0.0226  confidence=0.3369  lift=2.514
2026-09-26 14:02:25 | INFO |     [5] fresh vegetables, milk, yogurt  →  fresh fruits, packaged cheese
2026-09-26 14:02:25 | INFO |          support=0.0226  confidence=0.3905  lift=2.482
2026-09-26 14:02:25 | INFO |   Insights gerados (6):
2026-09-26 14:02:25 | INFO |     [1] Clientes que compram em [fresh fruits, packaged cheese, yogurt] também compram em [milk, packaged vegetables fruits] em 30.6% dos casos (lift=2.69).
2026-09-26 14:02:25 | INFO |     [2] Clientes que compram em [fresh fruits, milk, packaged cheese] também compram em [packaged vegetables fruits, yogurt] em 33.4% dos casos (lift=2.59).
2026-09-26 14:02:25 | INFO |     [3] Clientes que compram em [milk, packaged vegetables fruits, yogurt] também compram em [fresh fruits, packaged cheese] em 39.8% dos casos (lift=2.53).
2026-09-26 14:02:25 | INFO |     [4] Clientes que compram em [fresh fruits, packaged cheese, yogurt] também compram em [fresh vegetables, milk] em 33.7% dos casos (lift=2.51).
2026-09-26 14:02:25 | INFO |     [5] Clientes que compram em [fresh vegetables, milk, yogurt] também compram em [fresh fruits, packaged cheese] em 39.1% dos casos (lift=2.48).
2026-09-26 14:02:25 | INFO |     [6] INSIGHT DE NEGÓCIO: posicionar fisicamente esses corredores próximos (ex.: frutas frescas perto de laticínios e vegetais embalados) aumenta a chance de compra cruzada.
2026-09-26 14:02:25 | INFO |   CSV: slide_top5_regras_aisle.csv
2026-09-26 14:02:28 | INFO | ============================================================
2026-09-26 14:02:28 | INFO | Pipeline: DEPARTMENT
2026-09-26 14:02:28 | INFO | ============================================================
2026-09-26 14:02:28 | INFO | Carregando rules_department.parquet ...
2026-09-26 14:02:28 | INFO |   regras: 940
2026-09-26 14:02:28 | INFO |   após filtros {'support': 0.0, 'lift': 1.2, 'confidence': 0.4}: 369 regras
2026-09-26 14:02:28 | INFO |   TOP 5 regras (por lift):
2026-09-26 14:02:28 | INFO |     [1] deli, frozen  →  dairy eggs, produce, snacks
2026-09-26 14:02:28 | INFO |          support=0.0512  confidence=0.4848  lift=1.838
2026-09-26 14:02:28 | INFO |     [2] beverages, deli  →  dairy eggs, produce, snacks
2026-09-26 14:02:28 | INFO |          support=0.0524  confidence=0.4670  lift=1.770
2026-09-26 14:02:28 | INFO |     [3] bakery, frozen  →  dairy eggs, produce, snacks
2026-09-26 14:02:28 | INFO |          support=0.0540  confidence=0.4669  lift=1.770
2026-09-26 14:02:28 | INFO |     [4] deli, frozen, produce  →  dairy eggs, snacks
2026-09-26 14:02:28 | INFO |          support=0.0512  confidence=0.5367  lift=1.726
2026-09-26 14:02:28 | INFO |     [5] dairy eggs, frozen, produce, snacks  →  deli
2026-09-26 14:02:28 | INFO |          support=0.0512  confidence=0.4118  lift=1.714
2026-09-26 14:02:28 | INFO |   Insights gerados (6):
2026-09-26 14:02:28 | INFO |     [1] Seções [deli, frozen] e [dairy eggs, produce, snacks] são fortemente associadas (48.5% de confiança, lift=1.84).
2026-09-26 14:02:28 | INFO |     [2] Seções [beverages, deli] e [dairy eggs, produce, snacks] são fortemente associadas (46.7% de confiança, lift=1.77).
2026-09-26 14:02:28 | INFO |     [3] Seções [bakery, frozen] e [dairy eggs, produce, snacks] são fortemente associadas (46.7% de confiança, lift=1.77).
2026-09-26 14:02:28 | INFO |     [4] Seções [deli, frozen, produce] e [dairy eggs, snacks] são fortemente associadas (53.7% de confiança, lift=1.73).
2026-09-26 14:02:28 | INFO |     [5] Seções [dairy eggs, frozen, produce, snacks] e [deli] são fortemente associadas (41.2% de confiança, lift=1.71).
2026-09-26 14:02:28 | INFO |     [6] INSIGHT DE NEGÓCIO: campanhas promocionais cruzadas entre seções (ex.: 'leve massa e ganhe desconto em enlatados') aproveitam o padrão de compra observado.
2026-09-26 14:02:28 | INFO |   CSV: slide_top5_regras_department.csv
2026-09-26 14:02:30 | INFO | ============================================================
2026-09-26 14:02:30 | INFO | MATERIAL GERADO — resumo
2026-09-26 14:02:30 | INFO | ============================================================
2026-09-26 14:02:30 | INFO |   CSVs (tables/): slide_top5_regras_*.csv, slide_top10_regras_*.csv
2026-09-26 14:02:30 | INFO |   Gráficos (figures/): slide_*.png
2026-09-26 14:02:30 | INFO | STEP 07 concluído.
